Connected to DB
Parsing paper: HEALTH SERVIES .pdf
node : DEBUG ERROR: Class 
constructors cannot be 
invoked without 'new'
At line:1 char:1
+ node test-pdf.js > 
test_output.txt 2>&1
+ ~~~~~~~~~~~~~~~~~~~~~~~~~~
~~~~~~~~~~~~~
    + CategoryInfo          
    : NotSpecified: (DEBUG  
   ERROR: Cl...d without    
 'new':String) [], Remot    
eException
    + FullyQualifiedErrorId 
    : NativeCommandError
 
TypeError: Class 
constructors cannot be 
invoked without 'new'
    at test (D:\mainproject\
backend\test-pdf.js:17:28)
    at process.processTicksA
ndRejections (node:internal/
process/task_queues:105:5)
